// Jest Snapshot v1, https://goo.gl/fbAQLP

exports[`renders 1`] = `
<DocumentFragment>
  <div
    class="l-app"
  >
    <div
      class="l-app__banner"
    />
    <div
      class="l-app__main"
    >
      <div
        class="l-nav--wide"
      >
        <div
          class="l-nav__app-content"
        >
          <div
            class="m-ladder-page m-ladder-page--picker-container-visible "
          >
            <div
              class="c-notifications"
            />
            <div
              class="m-picker-container visible"
              data-testid="picker-container"
            >
              <div
                class="c-drawer-tab"
              >
                <button
                  class="c-drawer-tab__tab-button"
                  title="Collapse"
                >
                  <span>
                    <svg />
                  </span>
                </button>
              </div>
              <div
                class="m-ladder-page__routes-presets-toggle u-hide"
              >
                <button
                  class="m-ladder-page__routes_picker_button_selected"
                  id="m-ladder-page__routes_picker_button"
                >
                  Routes
                </button>
                <button
                  class="m-ladder-page__routes_picker_button_unselected"
                  id="m-ladder-page__presets_picker_button"
                >
                  Presets
                </button>
              </div>
              <div
                class="m-route-picker u-hide"
              >
                <div
                  class="m-route-filter"
                >
                  <div
                    class="m-route-filter__text"
                  >
                    <input
                      class="m-route-filter__input"
                      placeholder="Search routes"
                      type="text"
                      value=""
                    />
                  </div>
                </div>
                <div
                  class="c-garage-filter"
                >
                  <button
                    class="c-garage-filter__show-hide-button"
                    title="Toggle Garage Filter"
                  >
                    <div
                      class="c-garage-filter__header"
                    >
                      Filter garages
                    </div>
                    <div
                      class="c-garage-filter__show-hide-icon"
                    >
                      <span>
                        <svg />
                      </span>
                    </div>
                  </button>
                </div>
                <div
                  class="m-route-picker__routes-container"
                >
                  loading...
                  <p>
                    Selected routes will show up here…
                  </p>
                </div>
              </div>
            </div>
            <div
              aria-hidden="true"
              class="c-picker-container-backdrop"
              data-testid="picker-container-backdrop"
            />
            <div
              class="m-ladder-page__tab-bar-and-ladders"
            >
              <div
                class="m-ladder-page__route-tab-bar"
                role="tablist"
              >
                <div
                  class="m-ladder-page__tab m-ladder-page__tab-current"
                  role="tab"
                  tabindex="0"
                >
                  <div
                    class="m-ladder-page__tab-contents"
                  >
                    <div
                      class="m-ladder-page__tab-title"
                    >
                      Untitled
                    </div>
                    <button
                      class="m-ladder-page__tab-save-button"
                      title="Save"
                    >
                      <span>
                        <svg />
                      </span>
                    </button>
                    <button
                      class="m-old-close-button"
                      data-testid="close-button"
                      title="Close"
                    >
                      <span>
                        <svg />
                      </span>
                    </button>
                  </div>
                </div>
                <button
                  class="m-ladder-page__add-tab-button"
                  title="Add Tab"
                >
                  <span
                    class="m-ladder-page__add-tab-icon"
                  >
                    <svg />
                  </span>
                </button>
              </div>
              <div
                class="m-route-ladders"
                data-testid="route-ladders-div"
              />
            </div>
          </div>
        </div>
        <div
          class="l-nav__nav-bar l-nav__nav-bar--top"
        >
          <div
            class="m-top-nav"
          >
            <a
              class="m-top-nav__logo"
              href="/"
              title="Skate"
            >
              <span
                class="m-top-nav__logo-icon"
              >
                <svg />
              </span>
            </a>
            <ul
              class="m-top-nav__right-items"
            >
              <li>
                <button
                  class="m-top-nav__right-item"
                  title="Refresh"
                >
                  <span
                    class="m-top-nav__icon"
                  >
                    <svg />
                  </span>
                </button>
              </li>
            </ul>
          </div>
        </div>
        <div
          class="l-nav__nav-bar l-nav__nav-bar--left"
        >
          <div
            class="c-left-nav"
          >
            <div
              class="c-left-nav__modes-and-views"
            >
              <ul
                class="c-left-nav__links"
              >
                <li>
                  <a
                    aria-current="page"
                    class="c-left-nav__link c-left-nav__link--active"
                    href="/"
                    title="Route Ladders"
                  >
                    <span
                      class="c-left-nav__icon"
                    >
                      <svg />
                    </span>
                    Route Ladders
                  </a>
                </li>
                <li>
                  <a
                    class="c-left-nav__link"
                    href="/shuttle-map"
                    title="Shuttle Map"
                  >
                    <span
                      class="c-left-nav__icon"
                    >
                      <svg />
                    </span>
                    Shuttle Map
                  </a>
                </li>
                <li>
                  <a
                    class="c-left-nav__link"
                    href="/search"
                    title="Search"
                  >
                    <span
                      class="c-left-nav__icon"
                    >
                      <svg />
                    </span>
                    Search
                  </a>
                </li>
                <li>
                  <hr />
                </li>
                <li>
                  <button
                    aria-disabled="false"
                    class="c-left-nav__link c-left-nav__view"
                    title="Swings View"
                  >
                    <span
                      class="c-left-nav__icon c-left-nav__icon--swings-view"
                    >
                      <svg />
                    </span>
                    Swings View
                  </button>
                </li>
                <li>
                  <button
                    aria-disabled="false"
                    class="c-left-nav__link c-left-nav__view"
                    title="Notifications"
                  >
                    <span
                      class="c-notification-bell-icon c-notification-bell-icon--closed c-notification-bell-icon--read c-left-nav__icon c-left-nav__icon--notifications-view"
                    >
                      <svg />
                    </span>
                    Notifications
                  </button>
                </li>
              </ul>
              <ul
                class="c-left-nav__links"
              >
                <li>
                  <button
                    class="c-left-nav__link"
                    title="Support"
                  >
                    <span
                      class="c-left-nav__icon"
                    >
                      <svg />
                    </span>
                    Support
                  </button>
                </li>
                <li>
                  <button
                    class="c-left-nav__link"
                    title="About Skate"
                  >
                    <span
                      class="c-left-nav__icon"
                    >
                      <svg />
                    </span>
                    About Skate
                  </button>
                </li>
                <li>
                  <a
                    class="c-left-nav__link"
                    href="/settings"
                    title="Settings"
                  >
                    <span
                      class="c-left-nav__icon"
                    >
                      <svg />
                    </span>
                    Settings
                  </a>
                </li>
                <li>
                  <button
                    class="c-left-nav__link"
                    title="Collapse"
                  >
                    <span
                      class="c-left-nav__icon"
                    >
                      <svg />
                    </span>
                    Collapse
                  </button>
                </li>
              </ul>
            </div>
          </div>
        </div>
      </div>
    </div>
  </div>
</DocumentFragment>
`;
