// Jest Snapshot v1, https://goo.gl/fbAQLP

exports[`LateView renders missing logons and late buses 1`] = `
<div
  className="m-late-view"
>
  <div
    className="m-late-view__title"
  >
    Late View
  </div>
  <div
    className="m-late-view__panels"
  >
    <div
      className="m-late-view__panel m-late-view__missing-logons"
    >
      <h2
        className="m-late-view__panel-header m-late-view__missing-logons-panel-header"
      >
        <span
          className="m-late-view__panel-header-icon"
          dangerouslySetInnerHTML={
            Object {
              "__html": "SVG",
            }
          }
        />
        Missing logons
      </h2>
      <table>
        <thead>
          <tr>
            <th
              className="m-late-view__scheduled-logon-header"
            >
              Scheduled Logon
            </th>
            <th
              className="m-late-view__route-header"
            >
              Route
            </th>
            <th
              className="m-late-view__run-number-header"
            >
              Run
            </th>
            <th
              className="m-late-view__location-header"
            >
              Location
            </th>
          </tr>
        </thead>
        <tbody>
          <tr>
            <td>
              4:15 AM
            </td>
            <td>
              <span
                className="m-late-view__route-pill"
              >
                route
              </span>
            </td>
            <td>
              N/A
            </td>
            <td>
              station
            </td>
          </tr>
          <tr>
            <td>
              4:15 AM
            </td>
            <td>
              <span
                className="m-late-view__route-pill"
              >
                route
              </span>
            </td>
            <td>
              N/A
            </td>
            <td>
              somewhere
            </td>
          </tr>
        </tbody>
      </table>
    </div>
    <div
      className="m-late-view__panel m-late-view__late-buses"
    >
      <h2
        className="m-late-view__panel-header m-late-view__late-buses-panel-header"
      >
        <span
          className="m-late-view__panel-header-icon"
          dangerouslySetInnerHTML={
            Object {
              "__html": "SVG",
            }
          }
        />
        Late buses
      </h2>
      <table>
        <thead>
          <tr>
            <th
              className="m-late-view__adherence-header"
            >
              Adherence
            </th>
            <th
              className="m-late-view__route-header"
            >
              Route
            </th>
            <th
              className="m-late-view__vehicle-header"
            >
              Vehicle
            </th>
            <th
              className="m-late-view__run-number-header"
            >
              Run
            </th>
            <th
              className="m-late-view__operator-header"
            >
              Driver
            </th>
          </tr>
        </thead>
        <tbody>
          <tr>
            <td
              className="m-late-view__adherence-cell"
            >
              N/A
            </td>
            <td>
              <span
                className="m-late-view__route-pill"
              >
                route
              </span>
            </td>
            <td />
            <td
              className="m-late-view__run-number-cell"
            >
              <a
                className="m-late-view__run-link"
                onClick={[Function]}
              >
                <span
                  className="m-late-view__run-icon m-late-view__ghost-icon"
                  dangerouslySetInnerHTML={
                    Object {
                      "__html": "SVG",
                    }
                  }
                />
                N/A
              </a>
            </td>
            <td />
          </tr>
          <tr>
            <td
              className="m-late-view__adherence-cell"
            >
              -15
            </td>
            <td>
              <span
                className="m-late-view__route-pill"
              >
                route
              </span>
            </td>
            <td>
              v2-label
            </td>
            <td
              className="m-late-view__run-number-cell"
            >
              <a
                className="m-late-view__run-link"
                onClick={[Function]}
              >
                <span
                  className="m-late-view__run-icon m-late-view__up-right-icon"
                  dangerouslySetInnerHTML={
                    Object {
                      "__html": "SVG",
                    }
                  }
                />
                2
              </a>
            </td>
            <td>
              SMITH
               – 
              op2
            </td>
          </tr>
          <tr>
            <td
              className="m-late-view__adherence-cell"
            >
              -15
            </td>
            <td>
              <span
                className="m-late-view__route-pill"
              >
                route
              </span>
            </td>
            <td>
              v3-label
            </td>
            <td
              className="m-late-view__run-number-cell"
            >
              <a
                className="m-late-view__run-link"
                onClick={[Function]}
              >
                <span
                  className="m-late-view__run-icon m-late-view__up-right-icon"
                  dangerouslySetInnerHTML={
                    Object {
                      "__html": "SVG",
                    }
                  }
                />
                3
              </a>
            </td>
            <td>
              SMITH
               – 
              op3
            </td>
          </tr>
          <tr>
            <td
              className="m-late-view__adherence-cell"
            >
              -15
            </td>
            <td>
              <span
                className="m-late-view__route-pill"
              >
                route
              </span>
            </td>
            <td>
              v4-label
            </td>
            <td
              className="m-late-view__run-number-cell"
            >
              <a
                className="m-late-view__run-link"
                onClick={[Function]}
              >
                <span
                  className="m-late-view__run-icon m-late-view__block-waiver-icon"
                  dangerouslySetInnerHTML={
                    Object {
                      "__html": "SVG",
                    }
                  }
                />
                4
              </a>
            </td>
            <td>
              SMITH
               – 
              op4
            </td>
          </tr>
        </tbody>
      </table>
    </div>
  </div>
  <div
    className="c-drawer-tab"
  >
    <button
      className="c-drawer-tab__tab-button"
      onClick={[Function]}
    >
      <span
        className=""
        dangerouslySetInnerHTML={
          Object {
            "__html": "SVG",
          }
        }
      />
    </button>
  </div>
</div>
`;
