// Jest Snapshot v1, https://goo.gl/fbAQLP

exports[`LayoverBox renders 1`] = `
<div
  className="m-layover-box m-layover-box--top"
>
  <div
    className="m-layover-box__vehicle on-time"
    onClick={[Function]}
  >
    <svg
      style={
        Object {
          "height": 27.72,
          "width": 26,
        }
      }
      viewBox="-13 -8.36 26 27.72"
    >
      <g
        className="m-vehicle-icon m-vehicle-icon--small"
      >
        <rect
          className="m-vehicle-icon__label-background"
          height={11}
          rx={5.5}
          ry={5.5}
          width={26}
          x={-13}
          y={7.359999999999999}
        />
        <text
          className="m-vehicle-icon__label"
          dominantBaseline="central"
          textAnchor="middle"
          x="0"
          y={12.86}
        >
          1
        </text>
        <path
          className="m-vehicle-icon__triangle"
          d="m27.34 9.46 16.84 24.54a4.06 4.06 0 0 1 -1 5.64 4.11 4.11 0 0 1 -2.3.71h-33.72a4.06 4.06 0 0 1 -4.06-4.11 4 4 0 0 1 .72-2.24l16.84-24.54a4.05 4.05 0 0 1 5.64-1.05 4 4 0 0 1 1.04 1.05z"
          transform="scale(0.38) rotate(270) translate(-24,-22)"
        />
      </g>
    </svg>
  </div>
  <div
    className="m-layover-box__vehicle on-time"
    onClick={[Function]}
  >
    <svg
      style={
        Object {
          "height": 27.72,
          "width": 26,
        }
      }
      viewBox="-13 -8.36 26 27.72"
    >
      <g
        className="m-vehicle-icon m-vehicle-icon--small"
      >
        <rect
          className="m-vehicle-icon__label-background"
          height={11}
          rx={5.5}
          ry={5.5}
          width={26}
          x={-13}
          y={7.359999999999999}
        />
        <text
          className="m-vehicle-icon__label"
          dominantBaseline="central"
          textAnchor="middle"
          x="0"
          y={12.86}
        >
          2
        </text>
        <path
          className="m-vehicle-icon__triangle"
          d="m27.34 9.46 16.84 24.54a4.06 4.06 0 0 1 -1 5.64 4.11 4.11 0 0 1 -2.3.71h-33.72a4.06 4.06 0 0 1 -4.06-4.11 4 4 0 0 1 .72-2.24l16.84-24.54a4.05 4.05 0 0 1 5.64-1.05 4 4 0 0 1 1.04 1.05z"
          transform="scale(0.38) rotate(270) translate(-24,-22)"
        />
      </g>
    </svg>
  </div>
</div>
`;
