// Jest Snapshot v1, https://goo.gl/fbAQLP

exports[`Notification renders empty state 1`] = `
<div
  className="m-notifications"
/>
`;

exports[`Notification renders latest notification 1`] = `
<div
  className="m-notifications"
>
  <div
    className="m-card m-card--kiwi m-card--no-focus-or-hover"
  >
    <button
      className="m-card__left"
      onClick={[Function]}
    >
      <div
        className="m-card__top-row"
      >
        <div
          className="m-card__title"
        >
          <span
            className=""
            dangerouslySetInnerHTML={
              Object {
                "__html": "SVG",
              }
            }
          />
          No Operator
        </div>
        <div
          className="m-card__time"
        >
          10:17 AM
        </div>
      </div>
      <div
        className="m-card__contents"
      >
        <div
          className="m-card__body"
        >
          OCC reported that an operator is not available on the r1, r2.
        </div>
        <ul
          className="m-card__properties"
        >
          <li>
            <span
              className="m-card__properties-label"
            >
              Run
            </span>
            <span
              className="m-card__properties-value"
            >
              run1, run2
            </span>
          </li>
        </ul>
      </div>
    </button>
    <div
      className="m-card__right"
    >
      <button
        className="m-old-close-button"
        data-testid="close-button"
        onClick={[Function]}
        title="Close"
      >
        <span
          className=""
          dangerouslySetInnerHTML={
            Object {
              "__html": "SVG",
            }
          }
        />
      </button>
    </div>
  </div>
</div>
`;
