// Jest Snapshot v1, https://goo.gl/fbAQLP

exports[`Presets renders current presets 1`] = `
<div
  className="m-presets-panel"
>
  <ul>
    <li>
      <div
        className="m-presets-panel__preset-button-container"
      >
        <button
          onClick={[Function]}
        >
          Another Preset
        </button>
      </div>
      <button
        aria-label="Close"
        className="m-close-button m-close-button--large m-close-button--light"
        onClick={[Function]}
      >
        <span
          aria-hidden={true}
          aria-label=""
          dangerouslySetInnerHTML={
            Object {
              "__html": "<svg/>",
            }
          }
          role="img"
        />
      </button>
    </li>
    <li>
      <div
        className="m-presets-panel__preset-button-container"
      >
        <button
          onClick={[Function]}
        >
          My Preset
        </button>
      </div>
      <button
        aria-label="Close"
        className="m-close-button m-close-button--large m-close-button--light"
        onClick={[Function]}
      >
        <span
          aria-hidden={true}
          aria-label=""
          dangerouslySetInnerHTML={
            Object {
              "__html": "<svg/>",
            }
          }
          role="img"
        />
      </button>
    </li>
  </ul>
  <button
    className="m-presets-panel__save-as-preset-button"
    disabled={true}
    onClick={[Function]}
  >
    <span
      className="m-presets-panel__save-as-preset-button-icon"
      dangerouslySetInnerHTML={
        Object {
          "__html": "<svg/>",
        }
      }
    />
    Save as preset
  </button>
</div>
`;
