// Jest Snapshot v1, https://goo.gl/fbAQLP

exports[`SettingsPage renders 1`] = `
<div
  className="l-page c-settings-page "
>
  <div
    className="c-notifications"
  />
  <div
    className="c-page__container"
  >
    <h1
      className="c-page__title"
    >
      Settings
    </h1>
    <div
      className="c-page__section"
    >
      <h2
        className="c-settings-page__section-header"
      >
        Vehicle Settings
      </h2>
      <div
        className="c-settings-page__setting"
      >
        <div
          className="c-settings-page__setting_header"
        >
          <div
            className="c-settings-page__setting-label"
          >
            Vehicle labels on 
            <strong>
              shuttle
            </strong>
             buses
          </div>
        </div>
        <div
          className="c-settings-page__options-container"
        >
          <label
            className="c-settings-page__option-label-unselected"
          >
            <input
              checked={false}
              className="c-settings-page__input"
              data-testid="shuttle-vehicle-label-run-number"
              name="shuttle-vehicle-label"
              onChange={[Function]}
              type="radio"
              value={1}
            />
            Run number
          </label>
          <label
            className="c-settings-page__option-label-selected"
          >
            <input
              checked={true}
              className="c-settings-page__input"
              data-testid="shuttle-vehicle-label-vehicle-number"
              name="shuttle-vehicle-label"
              onChange={[Function]}
              type="radio"
              value={2}
            />
            Vehicle number
          </label>
        </div>
      </div>
      <div
        className="c-settings-page__setting"
      >
        <div
          className="c-settings-page__setting_header"
        >
          <div
            className="c-settings-page__setting-label"
          >
            Vehicle labels on 
            <strong>
              regular
            </strong>
             buses
          </div>
        </div>
        <div
          className="c-settings-page__options-container"
        >
          <label
            className="c-settings-page__option-label-selected"
          >
            <input
              checked={true}
              className="c-settings-page__input"
              data-testid="ladder-vehicle-label-run-number"
              name="ladder-vehicle-label"
              onChange={[Function]}
              type="radio"
              value={1}
            />
            Run number
          </label>
          <label
            className="c-settings-page__option-label-unselected"
          >
            <input
              checked={false}
              className="c-settings-page__input"
              data-testid="ladder-vehicle-label-vehicle-number"
              name="ladder-vehicle-label"
              onChange={[Function]}
              type="radio"
              value={2}
            />
            Vehicle number
          </label>
        </div>
      </div>
      <div
        className="c-settings-page__setting"
      >
        <div
          className="c-settings-page__setting_header"
        >
          <div
            className="c-settings-page__setting-label"
          >
            Adherence colors
          </div>
        </div>
        <div
          className="c-settings-page__options-container"
        >
          <label
            className="c-settings-page__option-label-selected"
          >
            <input
              checked={true}
              className="c-settings-page__input"
              data-testid="vehicle-adherence-colors-early-red"
              name="vehicle-adherence-colors"
              onChange={[Function]}
              type="radio"
              value={1}
            />
            <div>
              <div
                className="c-settings-page__vehicle-adherence-setting-row"
              >
                Early bus: Red
                <div
                  className="c-settings-page__vehicle-adherence-icon"
                >
                  <span
                    className="red"
                    dangerouslySetInnerHTML={
                      {
                        "__html": "<svg/>",
                      }
                    }
                  />
                </div>
              </div>
              <div
                className="c-settings-page__vehicle-adherence-setting-row"
              >
                Late bus: Blue
                <div
                  className="c-settings-page__vehicle-adherence-icon"
                >
                  <span
                    className="blue"
                    dangerouslySetInnerHTML={
                      {
                        "__html": "<svg/>",
                      }
                    }
                  />
                </div>
              </div>
            </div>
          </label>
          <label
            className="c-settings-page__option-label-unselected"
          >
            <input
              checked={false}
              className="c-settings-page__input"
              data-testid="vehicle-adherence-colors-early-blue"
              name="vehicle-adherence-colors"
              onChange={[Function]}
              type="radio"
              value={2}
            />
            <div>
              <div
                className="c-settings-page__vehicle-adherence-setting-row"
              >
                Early bus: Blue
                <div
                  className="c-settings-page__vehicle-adherence-icon"
                >
                  <span
                    className="blue"
                    dangerouslySetInnerHTML={
                      {
                        "__html": "<svg/>",
                      }
                    }
                  />
                </div>
              </div>
              <div
                className="c-settings-page__vehicle-adherence-setting-row"
              >
                Late bus: Red
                <div
                  className="c-settings-page__vehicle-adherence-icon"
                >
                  <span
                    className="red"
                    dangerouslySetInnerHTML={
                      {
                        "__html": "<svg/>",
                      }
                    }
                  />
                </div>
              </div>
            </div>
          </label>
        </div>
      </div>
    </div>
  </div>
</div>
`;
