[15:59:44.842] [INFO] storybook v10.5.5
[15:59:45.545] [DEBUG] Getting package.json info for /Users/srowe/skate/assets/package.json...
[15:59:45.547] [WARN] You are currently using Storybook [1m10.5.5[22m but you have packages which are incompatible with it:

- @storybook/blocks@7.6.24 which depends on 7.6.24
 Repo: https://github.com/storybookjs/storybook/tree/next/code/ui/blocks

Please consider updating your packages or contacting the maintainers for compatibility details.

For more details on compatibility guidance, see:
https://github.com/storybookjs/storybook/issues/32836
[15:59:46.043] [INFO] Starting...
[15:59:46.134] [DEBUG] Starting preview..
[15:59:46.141] [INFO] Addon-docs: using MDX3
[15:59:46.157] [INFO] Using implicit CSS loaders
[15:59:46.160] [INFO] Using default Webpack5 setup
[15:59:46.498] [DEBUG] Using tsconfig paths for react-docgen
[15:59:47.899] [ERROR] Failed to build the preview
[15:59:47.907] [WARN] Force closed preview build
[15:59:47.908] [ERROR] [38;2;241;97;97mSB_BUILDER-WEBPACK5_0003 (WebpackCompilationError): There were problems when compiling your code with Webpack.
Run Storybook with --debug-webpack for more information.[39m
    at starter (file://./node_modules/@storybook/builder-webpack5/dist/index.js:857:11)
    at starter.next (<anonymous>)
    at Module.start (file://./node_modules/@storybook/builder-webpack5/dist/index.js:915:34)
    at process.processTicksAndRejections (node:internal/process/task_queues:104:5)
    at async storybookDevServer (file://./node_modules/storybook/dist/core-server/index.js:11225:59)
    at async buildOrThrow (file://./node_modules/storybook/dist/core-server/index.js:8331:12)
    at async buildDevStandalone (file://./node_modules/storybook/dist/core-server/index.js:11990:41)
    at async withTelemetry (file://./node_modules/storybook/dist/_node-chunks/chunk-EIY3KIFG.js:1785:12)
    at async dev (file://./node_modules/storybook/dist/bin/core.js:3850:3)
    at async _Command.<anonymous> (file://./node_modules/storybook/dist/bin/core.js:3958:3)
[15:59:47.909] [WARN] Broken build, fix the error above.
You may need to refresh the browser.
[15:59:52.160] [PROMPT] Would you like to send anonymous crash reports to improve Storybook and fix bugs faster? {"choice":false}