// Jest Snapshot v1, https://goo.gl/fbAQLP

exports[`StatusRunBlockTabs renders 1`] = `
<div
  className="m-tabs"
>
  <div
    className="m-tabs__tabs"
    data-tabs={true}
    onClick={[Function]}
    onKeyDown={[Function]}
  >
    <ul
      className="m-tabs__tab-list"
      role="tablist"
    >
      <li
        aria-controls="react-tabs-1"
        aria-disabled="false"
        aria-selected="true"
        className="m-tabs__tab m-tabs__tab--selected"
        id="react-tabs-0"
        role="tab"
        tabIndex="0"
      >
        <svg
          className="m-tabs__tab-status-icon"
          height="14"
          width="14"
        >
          <circle
            className="m-tabs__tab-status-icon-outer-circle"
            cx="7"
            cy="7"
            r="6"
          />
          <circle
            className="m-tabs__tab-status-icon-inner-circle"
            cx="7"
            cy="7"
            r="4"
          />
        </svg>
        Status
      </li>
      <li
        aria-controls="react-tabs-3"
        aria-disabled="false"
        aria-selected="false"
        className="m-tabs__tab"
        id="react-tabs-2"
        role="tab"
        tabIndex={null}
      >
        <svg
          className="m-tabs__tab-status-icon"
          height="14"
          width="14"
        >
          <circle
            className="m-tabs__tab-status-icon-outer-circle"
            cx="7"
            cy="7"
            r="6"
          />
          <circle
            className="m-tabs__tab-status-icon-inner-circle"
            cx="7"
            cy="7"
            r="4"
          />
        </svg>
        Run
      </li>
      <li
        aria-controls="react-tabs-5"
        aria-disabled="false"
        aria-selected="false"
        className="m-tabs__tab"
        id="react-tabs-4"
        role="tab"
        tabIndex={null}
      >
        <svg
          className="m-tabs__tab-status-icon"
          height="14"
          width="14"
        >
          <circle
            className="m-tabs__tab-status-icon-outer-circle"
            cx="7"
            cy="7"
            r="6"
          />
          <circle
            className="m-tabs__tab-status-icon-inner-circle"
            cx="7"
            cy="7"
            r="4"
          />
        </svg>
        Block
      </li>
    </ul>
    <div
      aria-labelledby="react-tabs-0"
      className="m-tabs__tab-panel m-tabs__tab-panel--selected"
      id="react-tabs-1"
      role="tabpanel"
    >
      Test content
    </div>
    <div
      aria-labelledby="react-tabs-2"
      className="m-tabs__tab-panel"
      id="react-tabs-3"
      role="tabpanel"
    />
    <div
      aria-labelledby="react-tabs-4"
      className="m-tabs__tab-panel"
      id="react-tabs-5"
      role="tabpanel"
    />
  </div>
</div>
`;
